// Jest Snapshot v1, https://goo.gl/fbAQLP

exports[`App.vue should match snapshot 1`] = `
<div id="app">
  <home-stub></home-stub>
</div>
`;
